// Jest Snapshot v1, https://goo.gl/fbAQLP

exports[`удаление абонента из MobileCompany рендеринг перед удалением абонента 1`] = `null`;

exports[`удаление абонента из MobileCompany рендеринг после удаления абонента 1`] = `null`;

exports[`фильтрация абонентов MobileCompany рендеринг без фильтра 1`] = `
Array [
  <span>
    Компания: A1
  </span>,
  <hr />,
  <div
    className="StatusFilter"
  >
    <span
      className="buttons-tab"
      onClick={[Function]}
    >
      <button
        className={null}
        disabled={false}
        name="0"
      >
        Все
      </button>
      <button
        className="active"
        disabled={false}
        name="1"
      >
        Активные
      </button>
      <button
        className={null}
        disabled={false}
        name="2"
      >
        Заблокированные
      </button>
    </span>
  </div>,
  <hr />,
  <div
    className="MobileCompany"
    role="table"
  >
    <div
      className="headerWrapper"
    >
      <div
        className="mCompanyHeader"
        role="row"
      >
        <div
          className="cell first"
        >
          Фамилия*
        </div>
        <div
          className="cell"
        >
          Имя*
        </div>
        <div
          className="cell"
        >
          Отчество
        </div>
        <div
          className="cell"
        >
          Баланс*
        </div>
        <div
          className="cell"
        >
          Статус
        </div>
        <div
          className="cell"
        >
          Редактировать
        </div>
        <div
          className="cell"
        >
          Удалить
        </div>
      </div>
    </div>
    <div
      className="Subscriber"
      role="row"
    >
      <div
        className="cell first left-align"
        role="cell"
      >
        <span>
          Иванов
        </span>
        <span
          className="customerId"
        >
          ID: 
          1730812076
        </span>
      </div>
      <div
        className="cell left-align"
        role="cell"
      >
        Иван
      </div>
      <div
        className="cell left-align"
        role="cell"
      >
        Иванович
      </div>
      <div
        className="cell"
        role="cell"
      >
        200
      </div>
      <div
        className="cell active"
        role="cell"
      >
        active
      </div>
      <div
        className="cell"
        role="cell"
      >
        <button
          className="actionBtn"
          disabled={false}
          name="edit"
          onClick={[Function]}
        >
          Редактировать
        </button>
      </div>
      <div
        className="cell"
        role="cell"
      >
        <button
          className="actionBtn"
          disabled={false}
          name="delete"
          onClick={[Function]}
        >
          Удалить
        </button>
      </div>
    </div>
    <div
      className="Subscriber"
      role="row"
    >
      <div
        className="cell first left-align"
        role="cell"
      >
        <span>
          Сидоров
        </span>
        <span
          className="customerId"
        >
          ID: 
          2085433142
        </span>
      </div>
      <div
        className="cell left-align"
        role="cell"
      >
        Сидор
      </div>
      <div
        className="cell left-align"
        role="cell"
      >
        Сидорович
      </div>
      <div
        className="cell"
        role="cell"
      >
        250
      </div>
      <div
        className="cell active"
        role="cell"
      >
        active
      </div>
      <div
        className="cell"
        role="cell"
      >
        <button
          className="actionBtn"
          disabled={false}
          name="edit"
          onClick={[Function]}
        >
          Редактировать
        </button>
      </div>
      <div
        className="cell"
        role="cell"
      >
        <button
          className="actionBtn"
          disabled={false}
          name="delete"
          onClick={[Function]}
        >
          Удалить
        </button>
      </div>
    </div>
    <div
      className="Subscriber"
      role="row"
    >
      <div
        className="cell first left-align"
        role="cell"
      >
        <span>
          Петров
        </span>
        <span
          className="customerId"
        >
          ID: 
          372639379
        </span>
      </div>
      <div
        className="cell left-align"
        role="cell"
      >
        Петр
      </div>
      <div
        className="cell left-align"
        role="cell"
      >
        Петрович
      </div>
      <div
        className="cell"
        role="cell"
      >
        180
      </div>
      <div
        className="cell active"
        role="cell"
      >
        active
      </div>
      <div
        className="cell"
        role="cell"
      >
        <button
          className="actionBtn"
          disabled={false}
          name="edit"
          onClick={[Function]}
        >
          Редактировать
        </button>
      </div>
      <div
        className="cell"
        role="cell"
      >
        <button
          className="actionBtn"
          disabled={false}
          name="delete"
          onClick={[Function]}
        >
          Удалить
        </button>
      </div>
    </div>
  </div>,
  <hr />,
  <div
    className="ctrlButtons"
  >
    <span
      className="buttons-tab"
    >
      <button
        id="add"
        onClick={[Function]}
      >
        Добавить клиента
      </button>
      <button
        disabled={true}
        id="save"
        onClick={[Function]}
      >
        Сохранить клиента
      </button>
      <button
        disabled={true}
        id="cancel"
        onClick={[Function]}
      >
        Отмена
      </button>
    </span>
  </div>,
]
`;

exports[`фильтрация абонентов MobileCompany рендеринг списка активных абонентов 1`] = `
Array [
  <span>
    Компания: A1
  </span>,
  <hr />,
  <div
    className="StatusFilter"
  >
    <span
      className="buttons-tab"
      onClick={[Function]}
    >
      <button
        className={null}
        disabled={false}
        name="0"
      >
        Все
      </button>
      <button
        className="active"
        disabled={false}
        name="1"
      >
        Активные
      </button>
      <button
        className={null}
        disabled={false}
        name="2"
      >
        Заблокированные
      </button>
    </span>
  </div>,
  <hr />,
  <div
    className="MobileCompany"
    role="table"
  >
    <div
      className="headerWrapper"
    >
      <div
        className="mCompanyHeader"
        role="row"
      >
        <div
          className="cell first"
        >
          Фамилия*
        </div>
        <div
          className="cell"
        >
          Имя*
        </div>
        <div
          className="cell"
        >
          Отчество
        </div>
        <div
          className="cell"
        >
          Баланс*
        </div>
        <div
          className="cell"
        >
          Статус
        </div>
        <div
          className="cell"
        >
          Редактировать
        </div>
        <div
          className="cell"
        >
          Удалить
        </div>
      </div>
    </div>
    <div
      className="Subscriber"
      role="row"
    >
      <div
        className="cell first left-align"
        role="cell"
      >
        <span>
          Иванов
        </span>
        <span
          className="customerId"
        >
          ID: 
          1730812076
        </span>
      </div>
      <div
        className="cell left-align"
        role="cell"
      >
        Иван
      </div>
      <div
        className="cell left-align"
        role="cell"
      >
        Иванович
      </div>
      <div
        className="cell"
        role="cell"
      >
        200
      </div>
      <div
        className="cell active"
        role="cell"
      >
        active
      </div>
      <div
        className="cell"
        role="cell"
      >
        <button
          className="actionBtn"
          disabled={false}
          name="edit"
          onClick={[Function]}
        >
          Редактировать
        </button>
      </div>
      <div
        className="cell"
        role="cell"
      >
        <button
          className="actionBtn"
          disabled={false}
          name="delete"
          onClick={[Function]}
        >
          Удалить
        </button>
      </div>
    </div>
    <div
      className="Subscriber"
      role="row"
    >
      <div
        className="cell first left-align"
        role="cell"
      >
        <span>
          Сидоров
        </span>
        <span
          className="customerId"
        >
          ID: 
          2085433142
        </span>
      </div>
      <div
        className="cell left-align"
        role="cell"
      >
        Сидор
      </div>
      <div
        className="cell left-align"
        role="cell"
      >
        Сидорович
      </div>
      <div
        className="cell"
        role="cell"
      >
        250
      </div>
      <div
        className="cell active"
        role="cell"
      >
        active
      </div>
      <div
        className="cell"
        role="cell"
      >
        <button
          className="actionBtn"
          disabled={false}
          name="edit"
          onClick={[Function]}
        >
          Редактировать
        </button>
      </div>
      <div
        className="cell"
        role="cell"
      >
        <button
          className="actionBtn"
          disabled={false}
          name="delete"
          onClick={[Function]}
        >
          Удалить
        </button>
      </div>
    </div>
    <div
      className="Subscriber"
      role="row"
    >
      <div
        className="cell first left-align"
        role="cell"
      >
        <span>
          Петров
        </span>
        <span
          className="customerId"
        >
          ID: 
          372639379
        </span>
      </div>
      <div
        className="cell left-align"
        role="cell"
      >
        Петр
      </div>
      <div
        className="cell left-align"
        role="cell"
      >
        Петрович
      </div>
      <div
        className="cell"
        role="cell"
      >
        180
      </div>
      <div
        className="cell active"
        role="cell"
      >
        active
      </div>
      <div
        className="cell"
        role="cell"
      >
        <button
          className="actionBtn"
          disabled={false}
          name="edit"
          onClick={[Function]}
        >
          Редактировать
        </button>
      </div>
      <div
        className="cell"
        role="cell"
      >
        <button
          className="actionBtn"
          disabled={false}
          name="delete"
          onClick={[Function]}
        >
          Удалить
        </button>
      </div>
    </div>
  </div>,
  <hr />,
  <div
    className="ctrlButtons"
  >
    <span
      className="buttons-tab"
    >
      <button
        id="add"
        onClick={[Function]}
      >
        Добавить клиента
      </button>
      <button
        disabled={true}
        id="save"
        onClick={[Function]}
      >
        Сохранить клиента
      </button>
      <button
        disabled={true}
        id="cancel"
        onClick={[Function]}
      >
        Отмена
      </button>
    </span>
  </div>,
]
`;
